// Jest Snapshot v1, https://goo.gl/fbAQLP

exports[`mdx transpile Given an mdx string Then the result matches the snapshot 1`] = `
"var _excluded = [\\"components\\"];

function _extends() { _extends = Object.assign || function (target) { for (var i = 1; i < arguments.length; i++) { var source = arguments[i]; for (var key in source) { if (Object.prototype.hasOwnProperty.call(source, key)) { target[key] = source[key]; } } } return target; }; return _extends.apply(this, arguments); }

function _objectWithoutProperties(source, excluded) { if (source == null) return {}; var target = _objectWithoutPropertiesLoose(source, excluded); var key, i; if (Object.getOwnPropertySymbols) { var sourceSymbolKeys = Object.getOwnPropertySymbols(source); for (i = 0; i < sourceSymbolKeys.length; i++) { key = sourceSymbolKeys[i]; if (excluded.indexOf(key) >= 0) continue; if (!Object.prototype.propertyIsEnumerable.call(source, key)) continue; target[key] = source[key]; } } return target; }

function _objectWithoutPropertiesLoose(source, excluded) { if (source == null) return {}; var target = {}; var sourceKeys = Object.keys(source); var key, i; for (i = 0; i < sourceKeys.length; i++) { key = sourceKeys[i]; if (excluded.indexOf(key) >= 0) continue; target[key] = source[key]; } return target; }

/* @jsxRuntime classic */

/* @jsx mdx */
var layoutProps = {};
var MDXLayout = \\"wrapper\\";
return function MDXContent(_ref) {
  var components = _ref.components,
      props = _objectWithoutProperties(_ref, _excluded);

  return mdx(MDXLayout, _extends({}, layoutProps, props, {
    components: components,
    mdxType: \\"MDXLayout\\"
  }), mdx(\\"h1\\", null, \\"Heading\\"), mdx(\\"p\\", null, \\"  Some paragraph text\\\\n\\"));
}
;
MDXContent.isMDXComponent = true;"
`;
